
> aconino_frontend@1.0.0 build
> next build

Ôû▓ Next.js 16.1.6 (Turbopack)

  Creating an optimized production build ...
node.exe : 
En línea: 1 Carácter: 1
+ & "C:\Program Files\nodejs/node.exe" 
"C:\Program Files\nodejs/node_mo ...
+ ~~~~~~~~~~~~~~~~~~~~~~~~~~~~~~~~~~~~~~~~~
~~~~~~~~~~~~~~~~~~~~~~~~~~~~
    + CategoryInfo          : NotSpecified 
   : (:String) [], RemoteException
    + FullyQualifiedErrorId : NativeComman 
   dError
 
> Build error occurred
Error: Turbopack build failed with 2 
errors:
./src/app/layout.tsx
Specified module format (CommonJs) is not 
matching the module format of the source 
code (EcmaScript Modules)
The CommonJs module format was specified 
in the package.json that is affecting this 
source file or by using an special 
extension, but Ecmascript import/export 
syntax is used in the source code.
The module was automatically converted to 
an EcmaScript module, but that is in 
conflict with the specified module format. 
Either change the "type" field in the 
package.json or replace EcmaScript 
import/export syntax with CommonJs syntas 
in the source file.
In some cases EcmaScript import/export 
syntax is added by an transform and isn't 
actually part of the source code. In these 
cases revisit transformation options to 
inject the correct syntax.


./src/app/page.tsx
Specified module format (CommonJs) is not 
matching the module format of the source 
code (EcmaScript Modules)
The CommonJs module format was specified 
in the package.json that is affecting this 
source file or by using an special 
extension, but Ecmascript import/export 
syntax is used in the source code.
The module was automatically converted to 
an EcmaScript module, but that is in 
conflict with the specified module format. 
Either change the "type" field in the 
package.json or replace EcmaScript 
import/export syntax with CommonJs syntas 
in the source file.
In some cases EcmaScript import/export 
syntax is added by an transform and isn't 
actually part of the source code. In these 
cases revisit transformation options to 
inject the correct syntax.


    at ignore-listed frames
